// Jest Snapshot v1, https://goo.gl/fbAQLP

exports[`check component list list components in @xl-vision/react 1`] = `
Array [
  "styled",
  "createGlobalStyles",
  "ThemeProvider",
  "Transition",
  "CSSTransition",
  "CollapseTransition",
  "TransitionGroup",
  "Row",
]
`;
