// Jest Snapshot v1, https://goo.gl/fbAQLP

exports[`CssBaseline basic renders 1`] = `<head />`;

exports[`CssBaseline supports theme overrides 1`] = `<head />`;
