// Jest Snapshot v1, https://goo.gl/fbAQLP

exports[`Icon test render 1`] = `
.c0 {
  -webkit-user-select: none;
  -moz-user-select: none;
  -ms-user-select: none;
  user-select: none;
  width: 1em;
  height: 1em;
  display: inline-block;
  fill: currentcolor;
  -webkit-flex-shrink: 0;
  -ms-flex-negative: 0;
  flex-shrink: 0;
  -webkit-transition: fill 300ms 0ms cubic-bezier(0.4,0,0.2,1);
  transition: fill 300ms 0ms cubic-bezier(0.4,0,0.2,1);
}

<svg
  class="c0 xl-icon__root"
  viewBox="0 0 24 24"
>
  <path
    d="M0 0h24v24H0z"
    fill="none"
  />
  <path
    d="M6 19c0 1.1.9 2 2 2h8c1.1 0 2-.9 2-2V7H6v12zM19 4h-3.5l-1-1h-5l-1 1H5v2h14V4z"
  />
</svg>
`;
