// Jest Snapshot v1, https://goo.gl/fbAQLP

exports[`BaseButton Test basic render 1`] = `
.c2 {
  position: absolute;
  top: 0;
  right: 0;
  bottom: 0;
  left: 0;
  z-index: 0;
  overflow: hidden;
  border-radius: inherit;
  pointer-events: none;
}

.c0 {
  position: relative;
  display: inline-block;
  box-sizing: border-box;
  margin: 0;
  padding: 0;
  white-space: nowrap;
  text-align: center;
  -webkit-text-decoration: none;
  text-decoration: none;
  vertical-align: middle;
  background-color: transparent;
  border: 0;
  border-radius: 0;
  outline: 0;
  -webkit-user-select: none;
  -moz-user-select: none;
  -ms-user-select: none;
  user-select: none;
  touch-action: manipulation;
  -webkit-tap-highlight-color: transparent;
  cursor: pointer;
  -moz-appearance: none;
  -webkit-appearance: none;
}

.c0::-moz-focus-inner {
  border-style: none;
}

.c0 svg {
  pointer-events: none;
}

.c0 .xl-base-button__ripple {
  -webkit-transform: scale(1);
  -ms-transform: scale(1);
  transform: scale(1);
  opacity: 0.12;
}

.c0 .xl-base-button__ripple-enter-active {
  -webkit-transition: all 225ms 0ms cubic-bezier(0,0,0.2,1);
  transition: all 225ms 0ms cubic-bezier(0,0,0.2,1);
}

.c0 .xl-base-button__ripple-exit-active {
  -webkit-transition: all 195ms 0ms cubic-bezier(0.4,0,1,1);
  transition: all 195ms 0ms cubic-bezier(0.4,0,1,1);
}

.c0 .xl-base-button__ripple-enter-from {
  -webkit-transform: scale(0);
  -ms-transform: scale(0);
  transform: scale(0);
  opacity: 0.1;
}

.c0 .xl-base-button__ripple-exit-to {
  opacity: 0;
}

.c1 {
  position: relative;
  display: inline-block;
  width: 100%;
  height: 100%;
}

<div>
  <button
    class="c0 xl-base-button"
  >
    <span
      class="c1 xl-base-button__inner"
    >
      button
    </span>
    <div
      class="c2 xl-ripple xl-base-button__ripple"
    />
  </button>
</div>
`;
