// Jest Snapshot v1, https://goo.gl/fbAQLP

exports[`check package '@xl-vision/react' entry list components 1`] = `
Array [
  "styled",
  "createGlobalStyles",
  "ThemeProvider",
  "Transition",
  "CSSTransition",
  "CollapseTransition",
  "TransitionGroup",
  "Row",
]
`;
