// Jest Snapshot v1, https://goo.gl/fbAQLP

exports[`Ripple test render 1`] = `
.emotion-0 {
  position: absolute;
  top: 0;
  right: 0;
  bottom: 0;
  left: 0;
  z-index: 0;
  overflow: hidden;
  border-radius: inherit;
  pointer-events: none;
}

<div>
  <div>
    click me
    <div
      class="xl-ripple emotion-0"
    />
  </div>
</div>
`;
