// Jest Snapshot v1, https://goo.gl/fbAQLP

exports[`Button test basic render 1`] = `
.c3 {
  position: absolute;
  top: 0;
  right: 0;
  bottom: 0;
  left: 0;
  z-index: 0;
  overflow: hidden;
  border-radius: inherit;
  pointer-events: none;
}

.c0 {
  position: relative;
  display: inline-block;
  box-sizing: border-box;
  margin: 0;
  padding: 0;
  white-space: nowrap;
  text-align: center;
  -webkit-text-decoration: none;
  text-decoration: none;
  vertical-align: middle;
  background-color: transparent;
  border: 0;
  border-radius: 0;
  outline: 0;
  -webkit-user-select: none;
  -moz-user-select: none;
  -ms-user-select: none;
  user-select: none;
  touch-action: manipulation;
  -webkit-tap-highlight-color: transparent;
  cursor: pointer;
  -moz-appearance: none;
  -webkit-appearance: none;
}

.c0::-moz-focus-inner {
  border-style: none;
}

.c0 svg {
  pointer-events: none;
}

.c0 .xl-base-button__ripple {
  -webkit-transform: scale(1);
  -ms-transform: scale(1);
  transform: scale(1);
  opacity: 0.12;
}

.c0 .xl-base-button__ripple-enter-active {
  -webkit-transition: all 225ms 0ms cubic-bezier(0,0,0.2,1);
  transition: all 225ms 0ms cubic-bezier(0,0,0.2,1);
}

.c0 .xl-base-button__ripple-leave-active {
  -webkit-transition: all 195ms 0ms cubic-bezier(0.4,0,1,1);
  transition: all 195ms 0ms cubic-bezier(0.4,0,1,1);
}

.c0 .xl-base-button__ripple-enter-from {
  -webkit-transform: scale(0);
  -ms-transform: scale(0);
  transform: scale(0);
  opacity: 0.1;
}

.c0 .xl-base-button__ripple-leave-to {
  opacity: 0;
}

.c12 {
  position: relative;
  display: inline-block;
  box-sizing: border-box;
  margin: 0;
  padding: 0;
  white-space: nowrap;
  text-align: center;
  -webkit-text-decoration: none;
  text-decoration: none;
  vertical-align: middle;
  background-color: transparent;
  border: 0;
  border-radius: 0;
  outline: 0;
  -webkit-user-select: none;
  -moz-user-select: none;
  -ms-user-select: none;
  user-select: none;
  touch-action: manipulation;
  -webkit-tap-highlight-color: transparent;
  cursor: not-allowed;
  -moz-appearance: none;
  -webkit-appearance: none;
}

.c12::-moz-focus-inner {
  border-style: none;
}

.c12 svg {
  pointer-events: none;
}

.c12 .xl-base-button__ripple {
  -webkit-transform: scale(1);
  -ms-transform: scale(1);
  transform: scale(1);
  opacity: 0.12;
}

.c12 .xl-base-button__ripple-enter-active {
  -webkit-transition: all 225ms 0ms cubic-bezier(0,0,0.2,1);
  transition: all 225ms 0ms cubic-bezier(0,0,0.2,1);
}

.c12 .xl-base-button__ripple-leave-active {
  -webkit-transition: all 195ms 0ms cubic-bezier(0.4,0,1,1);
  transition: all 195ms 0ms cubic-bezier(0.4,0,1,1);
}

.c12 .xl-base-button__ripple-enter-from {
  -webkit-transform: scale(0);
  -ms-transform: scale(0);
  transform: scale(0);
  opacity: 0.1;
}

.c12 .xl-base-button__ripple-leave-to {
  opacity: 0;
}

.c2 {
  position: relative;
  display: inline-block;
  width: 100%;
  height: 100%;
}

.c7 {
  -webkit-user-select: none;
  -moz-user-select: none;
  -ms-user-select: none;
  user-select: none;
  width: 1em;
  height: 1em;
  display: inline-block;
  fill: currentcolor;
  -webkit-flex-shrink: 0;
  -ms-flex-negative: 0;
  flex-shrink: 0;
  -webkit-transition: fill 300ms 0ms cubic-bezier(0.4,0,0.2,1);
  transition: fill 300ms 0ms cubic-bezier(0.4,0,0.2,1);
}

.c1 {
  -webkit-transition: all 300ms 0ms cubic-bezier(0.4,0,0.2,1);
  transition: all 300ms 0ms cubic-bezier(0.4,0,0.2,1);
  border-radius: 4px;
  font-size: 0.875rem;
  line-height: 1.75;
  font-weight: 500;
  -webkit-letter-spacing: 0.089em;
  -moz-letter-spacing: 0.089em;
  -ms-letter-spacing: 0.089em;
  letter-spacing: 0.089em;
  -webkit-text-decoration: none;
  text-decoration: none;
  text-transform: uppercase;
  font-family: 'Roboto','Helvetica Neue','segoe ui','Arial','noto sans',sans-serif;
  color: rgba(0,0,0,0.87);
  background-color: #fff;
  box-shadow: 0px 3px 1px -2px rgba(0,0,0,0.2),0px 2px 2px 0px rgba(0,0,0,0.14),0px 1px 5px 0px rgba(0,0,0,0.12);
  padding: 6px 16px;
}

.c1:hover {
  background-color: rgba(247,247,247,1);
  box-shadow: 0px 2px 4px -1px rgba(0,0,0,0.2),0px 4px 5px 0px rgba(0,0,0,0.14),0px 1px 10px 0px rgba(0,0,0,0.12);
}

.c1:focus {
  background-color: rgba(230,230,230,1);
  box-shadow: 0px 5px 5px -3px rgba(0,0,0,0.2),0px 8px 10px 1px rgba(0,0,0,0.14),0px 3px 14px 2px rgba(0,0,0,0.12);
}

.c4 {
  -webkit-transition: all 300ms 0ms cubic-bezier(0.4,0,0.2,1);
  transition: all 300ms 0ms cubic-bezier(0.4,0,0.2,1);
  border-radius: 4px;
  font-size: 0.875rem;
  line-height: 1.75;
  font-weight: 500;
  -webkit-letter-spacing: 0.089em;
  -moz-letter-spacing: 0.089em;
  -ms-letter-spacing: 0.089em;
  letter-spacing: 0.089em;
  -webkit-text-decoration: none;
  text-decoration: none;
  text-transform: uppercase;
  font-family: 'Roboto','Helvetica Neue','segoe ui','Arial','noto sans',sans-serif;
  color: #fff;
  background-color: #f44336;
  box-shadow: 0px 3px 1px -2px rgba(0,0,0,0.2),0px 2px 2px 0px rgba(0,0,0,0.14),0px 1px 5px 0px rgba(0,0,0,0.12);
  padding: 6px 16px;
}

.c4:hover {
  background-color: rgba(236,66,54,1);
  box-shadow: 0px 2px 4px -1px rgba(0,0,0,0.2),0px 4px 5px 0px rgba(0,0,0,0.14),0px 1px 10px 0px rgba(0,0,0,0.12);
}

.c4:focus {
  background-color: rgba(220,65,53,1);
  box-shadow: 0px 5px 5px -3px rgba(0,0,0,0.2),0px 8px 10px 1px rgba(0,0,0,0.14),0px 3px 14px 2px rgba(0,0,0,0.12);
}

.c5 {
  -webkit-transition: all 300ms 0ms cubic-bezier(0.4,0,0.2,1);
  transition: all 300ms 0ms cubic-bezier(0.4,0,0.2,1);
  border-radius: 4px;
  font-size: 0.875rem;
  line-height: 1.75;
  font-weight: 500;
  -webkit-letter-spacing: 0.089em;
  -moz-letter-spacing: 0.089em;
  -ms-letter-spacing: 0.089em;
  letter-spacing: 0.089em;
  -webkit-text-decoration: none;
  text-decoration: none;
  text-transform: uppercase;
  font-family: 'Roboto','Helvetica Neue','segoe ui','Arial','noto sans',sans-serif;
  background-color: transparent;
  color: rgba(0,0,0,0.87);
  border: 1px solid rgba(0,0,0,0.5);
  padding: 5px 15px;
}

.c5:hover {
  background-color: rgba(0,0,0,0.04);
}

.c5:focus {
  background-color: rgba(0,0,0,0.12);
}

.c9 {
  -webkit-transition: all 300ms 0ms cubic-bezier(0.4,0,0.2,1);
  transition: all 300ms 0ms cubic-bezier(0.4,0,0.2,1);
  border-radius: 4px;
  font-size: 0.875rem;
  line-height: 0;
  font-weight: 500;
  -webkit-letter-spacing: 0.089em;
  -moz-letter-spacing: 0.089em;
  -ms-letter-spacing: 0.089em;
  letter-spacing: 0.089em;
  -webkit-text-decoration: none;
  text-decoration: none;
  text-transform: uppercase;
  font-family: 'Roboto','Helvetica Neue','segoe ui','Arial','noto sans',sans-serif;
  color: rgba(0,0,0,0.87);
  background-color: #fff;
  box-shadow: 0px 3px 1px -2px rgba(0,0,0,0.2),0px 2px 2px 0px rgba(0,0,0,0.14),0px 1px 5px 0px rgba(0,0,0,0.12);
  padding: 8.2px;
}

.c9:hover {
  background-color: rgba(247,247,247,1);
  box-shadow: 0px 2px 4px -1px rgba(0,0,0,0.2),0px 4px 5px 0px rgba(0,0,0,0.14),0px 1px 10px 0px rgba(0,0,0,0.12);
}

.c9:focus {
  background-color: rgba(230,230,230,1);
  box-shadow: 0px 5px 5px -3px rgba(0,0,0,0.2),0px 8px 10px 1px rgba(0,0,0,0.14),0px 3px 14px 2px rgba(0,0,0,0.12);
}

.c11 {
  -webkit-transition: all 300ms 0ms cubic-bezier(0.4,0,0.2,1);
  transition: all 300ms 0ms cubic-bezier(0.4,0,0.2,1);
  border-radius: 4px;
  font-size: 0.875rem;
  line-height: 1.75;
  font-weight: 500;
  -webkit-letter-spacing: 0.089em;
  -moz-letter-spacing: 0.089em;
  -ms-letter-spacing: 0.089em;
  letter-spacing: 0.089em;
  -webkit-text-decoration: none;
  text-decoration: none;
  text-transform: uppercase;
  font-family: 'Roboto','Helvetica Neue','segoe ui','Arial','noto sans',sans-serif;
  width: 100%;
  color: rgba(0,0,0,0.87);
  background-color: #fff;
  box-shadow: 0px 3px 1px -2px rgba(0,0,0,0.2),0px 2px 2px 0px rgba(0,0,0,0.14),0px 1px 5px 0px rgba(0,0,0,0.12);
  padding: 6px 16px;
}

.c11:hover {
  background-color: rgba(247,247,247,1);
  box-shadow: 0px 2px 4px -1px rgba(0,0,0,0.2),0px 4px 5px 0px rgba(0,0,0,0.14),0px 1px 10px 0px rgba(0,0,0,0.12);
}

.c11:focus {
  background-color: rgba(230,230,230,1);
  box-shadow: 0px 5px 5px -3px rgba(0,0,0,0.2),0px 8px 10px 1px rgba(0,0,0,0.14),0px 3px 14px 2px rgba(0,0,0,0.12);
}

.c13 {
  -webkit-transition: all 300ms 0ms cubic-bezier(0.4,0,0.2,1);
  transition: all 300ms 0ms cubic-bezier(0.4,0,0.2,1);
  border-radius: 4px;
  font-size: 0.875rem;
  line-height: 1.75;
  font-weight: 500;
  -webkit-letter-spacing: 0.089em;
  -moz-letter-spacing: 0.089em;
  -ms-letter-spacing: 0.089em;
  letter-spacing: 0.089em;
  -webkit-text-decoration: none;
  text-decoration: none;
  text-transform: uppercase;
  font-family: 'Roboto','Helvetica Neue','segoe ui','Arial','noto sans',sans-serif;
  color: rgba(0,0,0,0.87);
  background-color: #fff;
  opacity: 0.38;
  padding: 6px 16px;
}

.c15 {
  -webkit-transition: all 300ms 0ms cubic-bezier(0.4,0,0.2,1);
  transition: all 300ms 0ms cubic-bezier(0.4,0,0.2,1);
  border-radius: 4px;
  font-size: 0.875rem;
  line-height: 0;
  font-weight: 500;
  -webkit-letter-spacing: 0.089em;
  -moz-letter-spacing: 0.089em;
  -ms-letter-spacing: 0.089em;
  letter-spacing: 0.089em;
  -webkit-text-decoration: none;
  text-decoration: none;
  text-transform: uppercase;
  font-family: 'Roboto','Helvetica Neue','segoe ui','Arial','noto sans',sans-serif;
  color: rgba(0,0,0,0.87);
  background-color: #fff;
  opacity: 0.38;
  padding: 8.2px;
}

.c6 {
  display: inline-block;
  vertical-align: middle;
  -webkit-transition: width 300ms 0ms cubic-bezier(0.4,0,0.2,1);
  transition: width 300ms 0ms cubic-bezier(0.4,0,0.2,1);
  padding: 0;
  line-height: 0;
  font-size: 1.4em;
  margin-left: -2px;
  margin-right: 2px;
}

.c6 svg {
  line-height: 1;
}

.c10 {
  display: inline-block;
  vertical-align: middle;
  -webkit-transition: width 300ms 0ms cubic-bezier(0.4,0,0.2,1);
  transition: width 300ms 0ms cubic-bezier(0.4,0,0.2,1);
  padding: 0;
  line-height: 0;
  font-size: 1.4em;
}

.c10 svg {
  line-height: 1;
}

.c8 {
  margin-left: 2px;
  margin-right: -2px;
}

.c14 {
  -webkit-animation: fRjbcp 300ms linear infinite;
  animation: fRjbcp 300ms linear infinite;
}

<div>
  <button
    class="c0 xl-base-button c1 xl-button xl-button--size-middle xl-button--theme-default xl-button--variant-contained xl-button--elevation"
  >
    <span
      class="c2 xl-base-button__inner"
    >
      <span
        class="xl-button__inner"
      >
        button
      </span>
    </span>
    <div
      class="c3 xl-ripple xl-base-button__ripple"
    />
  </button>
  <button
    class="c0 xl-base-button c4 xl-button xl-button--size-middle xl-button--theme-error xl-button--variant-contained xl-button--elevation"
  >
    <span
      class="c2 xl-base-button__inner"
    >
      <span
        class="xl-button__inner"
      >
        button
      </span>
    </span>
    <div
      class="c3 xl-ripple xl-base-button__ripple"
    />
  </button>
  <button
    class="c0 xl-base-button c5 xl-button xl-button--size-middle xl-button--theme-default xl-button--variant-outlined"
  >
    <span
      class="c2 xl-base-button__inner"
    >
      <span
        class="xl-button__inner"
      >
        button
      </span>
    </span>
    <div
      class="c3 xl-ripple xl-base-button__ripple"
    />
  </button>
  <button
    class="c0 xl-base-button c1 xl-button xl-button--size-middle xl-button--theme-default xl-button--variant-contained xl-button--elevation"
  >
    <span
      class="c2 xl-base-button__inner"
    >
      <span
        class="c6 xl-button__prefix"
      >
        <svg
          class="c7 xl-icon"
          viewBox="0 0 1024 1024"
        >
          <path
            d="M512 64C264.6 64 64 264.6 64 512s200.6 448 448 448 448-200.6 448-448S759.4 64 512 64zm165.4 618.2-66-.3L512 563.4l-99.3 118.4-66.1.3c-4.4 0-8-3.5-8-8 0-1.9.7-3.7 1.9-5.2l130.1-155L340.5 359a8.32 8.32 0 0 1-1.9-5.2c0-4.4 3.6-8 8-8l66.1.3L512 464.6l99.3-118.4 66-.3c4.4 0 8 3.5 8 8 0 1.9-.7 3.7-1.9 5.2L553.5 514l130 155c1.2 1.5 1.9 3.3 1.9 5.2 0 4.4-3.6 8-8 8z"
          />
        </svg>
      </span>
      <span
        class="xl-button__inner"
      >
        button
      </span>
    </span>
    <div
      class="c3 xl-ripple xl-base-button__ripple"
    />
  </button>
  <button
    class="c0 xl-base-button c1 xl-button xl-button--size-middle xl-button--theme-default xl-button--variant-contained xl-button--elevation"
  >
    <span
      class="c2 xl-base-button__inner"
    >
      <span
        class="xl-button__inner"
      >
        button
      </span>
      <span
        class="c6 c8 xl-button__suffix"
      >
        <svg
          class="c7 xl-icon"
          viewBox="0 0 1024 1024"
        >
          <path
            d="M512 64C264.6 64 64 264.6 64 512s200.6 448 448 448 448-200.6 448-448S759.4 64 512 64zm165.4 618.2-66-.3L512 563.4l-99.3 118.4-66.1.3c-4.4 0-8-3.5-8-8 0-1.9.7-3.7 1.9-5.2l130.1-155L340.5 359a8.32 8.32 0 0 1-1.9-5.2c0-4.4 3.6-8 8-8l66.1.3L512 464.6l99.3-118.4 66-.3c4.4 0 8 3.5 8 8 0 1.9-.7 3.7-1.9 5.2L553.5 514l130 155c1.2 1.5 1.9 3.3 1.9 5.2 0 4.4-3.6 8-8 8z"
          />
        </svg>
      </span>
    </span>
    <div
      class="c3 xl-ripple xl-base-button__ripple"
    />
  </button>
  <button
    class="c0 xl-base-button c9 xl-button xl-button--size-middle xl-button--theme-default xl-button--variant-contained xl-button--elevation xl-button--icon"
  >
    <span
      class="c2 xl-base-button__inner"
    >
      <span
        class="c10 xl-button__prefix"
      >
        <svg
          class="c7 xl-icon"
          viewBox="0 0 1024 1024"
        >
          <path
            d="M512 64C264.6 64 64 264.6 64 512s200.6 448 448 448 448-200.6 448-448S759.4 64 512 64zm165.4 618.2-66-.3L512 563.4l-99.3 118.4-66.1.3c-4.4 0-8-3.5-8-8 0-1.9.7-3.7 1.9-5.2l130.1-155L340.5 359a8.32 8.32 0 0 1-1.9-5.2c0-4.4 3.6-8 8-8l66.1.3L512 464.6l99.3-118.4 66-.3c4.4 0 8 3.5 8 8 0 1.9-.7 3.7-1.9 5.2L553.5 514l130 155c1.2 1.5 1.9 3.3 1.9 5.2 0 4.4-3.6 8-8 8z"
          />
        </svg>
      </span>
    </span>
    <div
      class="c3 xl-ripple xl-base-button__ripple"
    />
  </button>
  <button
    class="c0 xl-base-button c9 xl-button xl-button--size-middle xl-button--theme-default xl-button--variant-contained xl-button--elevation xl-button--icon"
  >
    <span
      class="c2 xl-base-button__inner"
    >
      <span
        class="c10 xl-button__suffix"
      >
        <svg
          class="c7 xl-icon"
          viewBox="0 0 1024 1024"
        >
          <path
            d="M512 64C264.6 64 64 264.6 64 512s200.6 448 448 448 448-200.6 448-448S759.4 64 512 64zm165.4 618.2-66-.3L512 563.4l-99.3 118.4-66.1.3c-4.4 0-8-3.5-8-8 0-1.9.7-3.7 1.9-5.2l130.1-155L340.5 359a8.32 8.32 0 0 1-1.9-5.2c0-4.4 3.6-8 8-8l66.1.3L512 464.6l99.3-118.4 66-.3c4.4 0 8 3.5 8 8 0 1.9-.7 3.7-1.9 5.2L553.5 514l130 155c1.2 1.5 1.9 3.3 1.9 5.2 0 4.4-3.6 8-8 8z"
          />
        </svg>
      </span>
    </span>
    <div
      class="c3 xl-ripple xl-base-button__ripple"
    />
  </button>
  <button
    class="c0 xl-base-button c11 xl-button xl-button--size-middle xl-button--theme-default xl-button--variant-contained xl-button--elevation xl-button--long"
  >
    <span
      class="c2 xl-base-button__inner"
    >
      <span
        class="xl-button__inner"
      >
        button
      </span>
    </span>
    <div
      class="c3 xl-ripple xl-base-button__ripple"
    />
  </button>
  <button
    class="c12 xl-base-button xl-base-button--loading c13 xl-button xl-button--size-middle xl-button--theme-default xl-button--variant-contained xl-button--elevation xl-button--loading"
    tabindex="-1"
  >
    <span
      class="c2 xl-base-button__inner"
    >
      <span
        class="c6 xl-button__prefix xl-button__prefix-appear-from xl-button__prefix-appear-active"
        data-actual-width=""
        data-overflow=""
        data-padding-left=""
        data-padding-right=""
        data-width=""
        style="overflow: hidden; padding-left: 0px; padding-right: 0px;"
      >
        <svg
          class="c7 xl-icon c14 xl-button__prefix--loading"
          viewBox="0 0 1024 1024"
        >
          <path
            d="M988 548c-19.9 0-36-16.1-36-36 0-59.4-11.6-117-34.6-171.3a440.45 440.45 0 0 0-94.3-139.9 437.71 437.71 0 0 0-139.9-94.3C629 83.6 571.4 72 512 72c-19.9 0-36-16.1-36-36s16.1-36 36-36c69.1 0 136.2 13.5 199.3 40.3C772.3 66 827 103 874 150c47 47 83.9 101.8 109.7 162.7 26.7 63.1 40.2 130.2 40.2 199.3.1 19.9-16 36-35.9 36z"
          />
        </svg>
      </span>
      <span
        class="xl-button__inner"
      >
        button
      </span>
    </span>
    <div
      class="c3 xl-ripple xl-base-button__ripple"
    />
  </button>
  <button
    class="c12 xl-base-button xl-base-button--loading c15 xl-button xl-button--size-middle xl-button--theme-default xl-button--variant-contained xl-button--elevation xl-button--loading xl-button--icon"
    tabindex="-1"
  >
    <span
      class="c2 xl-base-button__inner"
    >
      <span
        class="c10 xl-button__prefix"
      >
        <svg
          class="c7 xl-icon c14 xl-button__prefix--loading"
          viewBox="0 0 1024 1024"
        >
          <path
            d="M988 548c-19.9 0-36-16.1-36-36 0-59.4-11.6-117-34.6-171.3a440.45 440.45 0 0 0-94.3-139.9 437.71 437.71 0 0 0-139.9-94.3C629 83.6 571.4 72 512 72c-19.9 0-36-16.1-36-36s16.1-36 36-36c69.1 0 136.2 13.5 199.3 40.3C772.3 66 827 103 874 150c47 47 83.9 101.8 109.7 162.7 26.7 63.1 40.2 130.2 40.2 199.3.1 19.9-16 36-35.9 36z"
          />
        </svg>
      </span>
    </span>
    <div
      class="c3 xl-ripple xl-base-button__ripple"
    />
  </button>
  <button
    class="c12 xl-base-button xl-base-button--loading c13 xl-button xl-button--size-middle xl-button--theme-default xl-button--variant-contained xl-button--elevation xl-button--loading"
    tabindex="-1"
  >
    <span
      class="c2 xl-base-button__inner"
    >
      <span
        class="c6 xl-button__prefix"
      >
        <svg
          class="c7 xl-icon c14 xl-button__prefix--loading"
          viewBox="0 0 1024 1024"
        >
          <path
            d="M988 548c-19.9 0-36-16.1-36-36 0-59.4-11.6-117-34.6-171.3a440.45 440.45 0 0 0-94.3-139.9 437.71 437.71 0 0 0-139.9-94.3C629 83.6 571.4 72 512 72c-19.9 0-36-16.1-36-36s16.1-36 36-36c69.1 0 136.2 13.5 199.3 40.3C772.3 66 827 103 874 150c47 47 83.9 101.8 109.7 162.7 26.7 63.1 40.2 130.2 40.2 199.3.1 19.9-16 36-35.9 36z"
          />
        </svg>
      </span>
      <span
        class="xl-button__inner"
      >
        button
      </span>
    </span>
    <div
      class="c3 xl-ripple xl-base-button__ripple"
    />
  </button>
</div>
`;
